

╔====================================================================╗
║               NPU 模型端到端测试                                     ║
╚====================================================================╝

======================================================================
测试 3: 检查所有可用模型
======================================================================

发现 3 个可用模型:

[qwen2-7b-ssd] Qwen2.0-7B-SSD
  - 参数量: 7B
  - 量化: QNN 2.34
  - 路径: C:/model/Qwen2.0-7B-SSD-8380-2.34
python : Traceback (most recent call last):
所在位置 行:1 字符: 13
+ cd backend; python test_npu_direct.py 2>&1 | Tee-Object -FilePath tes ...
+             ~~~~~~~~~~~~~~~~~~~~~~~~~~~~~~
    + CategoryInfo          : NotSpecified: (Traceback (most recent call last)::String) [], RemoteException
    + FullyQualifiedErrorId : NativeCommandError
 
  File "C:\test\antinet\backend\test_npu_direct.py", line 161, in <module>
    sys.exit(main())
             ^^^^^^
  File "C:\test\antinet\backend\test_npu_direct.py", line 121, in main
    test_all_models()
  File "C:\test\antinet\backend\test_npu_direct.py", line 103, in test_all_models
    print(f"  - 状态: \u2713 文件存在")
UnicodeEncodeError: 'gbk' codec can't encode character '\u2713' in position 8: illegal multibyte sequence
